// Jest Snapshot v1, https://goo.gl/fbAQLP

exports[`matching a snapshot of Header 1`] = `
.c0 {
  display: -webkit-box;
  display: -webkit-flex;
  display: -ms-flexbox;
  display: flex;
  -webkit-flex-flow: row wrap;
  -ms-flex-flow: row wrap;
  flex-flow: row wrap;
  padding-right: 15px;
  padding-left: 15px;
  margin-left: auto;
  margin-right: auto;
  -webkit-box-pack: space-between;
  -webkit-justify-content: space-between;
  -ms-flex-pack: space-between;
  justify-content: space-between;
}

.c1 {
  width: 50%;
  display: -webkit-box;
  display: -webkit-flex;
  display: -ms-flexbox;
  display: flex;
  -webkit-box-pack: start;
  -webkit-justify-content: flex-start;
  -ms-flex-pack: start;
  justify-content: flex-start;
  height: 100px;
  -webkit-align-items: flex-end;
  -webkit-box-align: flex-end;
  -ms-flex-align: flex-end;
  align-items: flex-end;
  -webkit-flex-basis: calc(33.33333333333333% - 8px);
  -ms-flex-basis: calc(33.33333333333333% - 8px);
  flex-basis: calc(33.33333333333333% - 8px);
}

.c2 {
  color: #15317e;
  margin-right: 8px;
  text-decoration: none;
}

.c3 {
  max-width: 220px;
  height: 78px;
}

.c4 {
  width: 50%;
  display: -webkit-box;
  display: -webkit-flex;
  display: -ms-flexbox;
  display: flex;
  -webkit-flex-direction: column;
  -ms-flex-direction: column;
  flex-direction: column;
  -webkit-box-pack: space-between;
  -webkit-justify-content: space-between;
  -ms-flex-pack: space-between;
  justify-content: space-between;
  -webkit-align-items: flex-end;
  -webkit-box-align: flex-end;
  -ms-flex-align: flex-end;
  align-items: flex-end;
  padding: 20px;
}

.c5 {
  display: -webkit-box;
  display: -webkit-flex;
  display: -ms-flexbox;
  display: flex;
  -webkit-flex-direction: row;
  -ms-flex-direction: row;
  flex-direction: row;
  width: 100%;
  -webkit-box-pack: end;
  -webkit-justify-content: flex-end;
  -ms-flex-pack: end;
  justify-content: flex-end;
  margin-bottom: 5px;
  -webkit-flex-basis: 100%;
  -ms-flex-basis: 100%;
  flex-basis: 100%;
  font-size: 14px;
}

.c6 {
  width: 100%;
  display: -webkit-box;
  display: -webkit-flex;
  display: -ms-flexbox;
  display: flex;
  -webkit-flex-direction: row;
  -ms-flex-direction: row;
  flex-direction: row;
  -webkit-box-pack: end;
  -webkit-justify-content: flex-end;
  -ms-flex-pack: end;
  justify-content: flex-end;
}

.c7 {
  cursor: not-allowed;
  border: 1px solid rgb(204, 204, 204);
  border-top-right-radius: 0px;
  border-bottom-right-radius: 0px;
  border-top-left-radius: 3px;
  border-bottom-left-radius: 3px;
  width: 50%;
  height: 30px;
  color: #555;
  padding: 0px 0px 0px 5px;
}

.c8 {
  height: 30px;
  display: -webkit-box;
  display: -webkit-flex;
  display: -ms-flexbox;
  display: flex;
  -webkit-box-pack: center;
  -webkit-justify-content: center;
  -ms-flex-pack: center;
  justify-content: center;
  -webkit-align-items: center;
  -webkit-box-align: center;
  -ms-flex-align: center;
  align-items: center;
  padding: 0px 7px;
  cursor: not-allowed;
  border: 1px solid rgb(204, 204, 204);
  border-width: 1px 1px 1px 0px;
  border-color: rgb(204, 204, 204);
  border-style: solid;
  border-top-right-radius: 3px;
  border-bottom-right-radius: 3px;
}

@media only screen and (max-width: 800px) {
  .c1 {
    display: -webkit-box;
    display: -webkit-flex;
    display: -ms-flexbox;
    display: flex;
    -webkit-flex-basis: 100%;
    -ms-flex-basis: 100%;
    flex-basis: 100%;
    -webkit-align-items: flex-end;
    -webkit-box-align: flex-end;
    -ms-flex-align: flex-end;
    align-items: flex-end;
    -webkit-box-pack: center;
    -webkit-justify-content: center;
    -ms-flex-pack: center;
    justify-content: center;
    -webkit-order: initial;
    -ms-flex-order: initial;
    order: initial;
  }
}

@media only screen and (max-width: 800px) {
  .c4 {
    display: -webkit-box;
    display: -webkit-flex;
    display: -ms-flexbox;
    display: flex;
    -webkit-flex-basis: 100%;
    -ms-flex-basis: 100%;
    flex-basis: 100%;
    -webkit-align-items: flex-end;
    -webkit-box-align: flex-end;
    -ms-flex-align: flex-end;
    align-items: flex-end;
    -webkit-box-pack: center;
    -webkit-justify-content: center;
    -ms-flex-pack: center;
    justify-content: center;
    -webkit-order: initial;
    -ms-flex-order: initial;
    order: initial;
    padding: 0px 5px 5px 0px;
  }
}

@media only screen and (max-width: 800px) {
  .c5 {
    display: -webkit-box;
    display: -webkit-flex;
    display: -ms-flexbox;
    display: flex;
    -webkit-flex-basis: 100%;
    -ms-flex-basis: 100%;
    flex-basis: 100%;
    -webkit-align-items: flex-end;
    -webkit-box-align: flex-end;
    -ms-flex-align: flex-end;
    align-items: flex-end;
    -webkit-box-pack: center;
    -webkit-justify-content: center;
    -ms-flex-pack: center;
    justify-content: center;
    -webkit-order: initial;
    -ms-flex-order: initial;
    order: initial;
  }
}

@media only screen and (max-width: 1024px) {
  .c7 {
    display: -webkit-box;
    display: -webkit-flex;
    display: -ms-flexbox;
    display: flex;
    -webkit-flex-basis: 100%;
    -ms-flex-basis: 100%;
    flex-basis: 100%;
    -webkit-align-items: flex-end;
    -webkit-box-align: flex-end;
    -ms-flex-align: flex-end;
    align-items: flex-end;
    -webkit-box-pack: center;
    -webkit-justify-content: center;
    -ms-flex-pack: center;
    justify-content: center;
    -webkit-order: initial;
    -ms-flex-order: initial;
    order: initial;
  }
}

<div
  className="c0"
>
  <div
    className="c1"
  >
    <a
      className="c2"
      href="http://dictybase.org"
    >
      <img
        className="c3"
        src="test-file-stub"
      />
    </a>
  </div>
  <div
    className="c4"
  >
    <div
      className="c5"
    >
      <a
        className="c2"
        href="/login"
      >
        <span
          aria-hidden={true}
          className="fa fa-sign-in"
        />
        Login
      </a>
      <a
        className="c2"
        href="/cite"
      >
        <span
          aria-hidden={true}
          className="fa fa-plus"
        />
        Cite Us
      </a>
      <a
        className="c2"
        href="/downloads"
      >
        <span
          aria-hidden={true}
          className="fa fa-download"
        />
        Downloads
      </a>
      <a
        className="c2"
        href="/info"
      >
        <span
          aria-hidden={true}
          className="fa fa-info-circle"
        />
        About dictyBase
      </a>
    </div>
    <div
      className="c6"
    >
      <input
        className="c7"
        disabled={true}
        placeholder="Guided Search (coming soon)"
      />
      <div
        className="c8"
      >
        <span
          aria-hidden={true}
          className="fa fa-search"
        />
      </div>
    </div>
  </div>
</div>
`;
