// Jest Snapshot v1, https://goo.gl/fbAQLP

exports[`matching a snapshot of Header 1`] = `
<div
  className="MuiGrid-root Header-root-1 MuiGrid-container MuiGrid-spacing-xs-8"
>
  <div
    className="MuiGrid-root Header-logoContainer-2 MuiGrid-item MuiGrid-grid-xs-12 MuiGrid-grid-sm-5 MuiGrid-grid-md-3 MuiGrid-grid-lg-3"
  >
    <a
      className="a-root-115"
      href="/"
    >
      <img
        alt="dictyBase logo"
        className="Header-image-3"
        src="test-file-stub"
      />
    </a>
  </div>
  <div
    className="MuiGrid-root Header-searchContainer-4 MuiGrid-item MuiGrid-grid-xs-12 MuiGrid-grid-sm-7 MuiGrid-grid-md-5 MuiGrid-grid-lg-5"
  >
    <div
      className="MuiFormControl-root Header-textField-5"
    >
      <label
        className="MuiFormLabel-root MuiInputLabel-root MuiInputLabel-formControl MuiInputLabel-animated"
        data-shrink={false}
        htmlFor="guided-search"
      >
        Guided Search (coming soon)
      </label>
      <div
        className="MuiInputBase-root MuiInput-root MuiInput-underline MuiInputBase-formControl MuiInput-formControl MuiInputBase-adornedEnd"
        onClick={[Function]}
      >
        <input
          aria-invalid={false}
          className="MuiInputBase-input MuiInput-input MuiInputBase-inputAdornedEnd"
          disabled={false}
          id="input-with-icon-adornment"
          onBlur={[Function]}
          onChange={[Function]}
          onFocus={[Function]}
          required={false}
          type="text"
        />
        <div
          className="MuiInputAdornment-root Header-searchIcon-11 MuiInputAdornment-positionEnd"
        >
          <svg
            aria-hidden="true"
            className="MuiSvgIcon-root"
            focusable="false"
            role="presentation"
            viewBox="0 0 24 24"
          >
            <path
              d="M15.5 14h-.79l-.28-.27C15.41 12.59 16 11.11 16 9.5 16 5.91 13.09 3 9.5 3S3 5.91 3 9.5 5.91 16 9.5 16c1.61 0 3.09-.59 4.23-1.57l.27.28v.79l5 4.99L20.49 19l-4.99-5zm-6 0C7.01 14 5 11.99 5 9.5S7.01 5 9.5 5 14 7.01 14 9.5 11.99 14 9.5 14z"
            />
            <path
              d="M0 0h24v24H0z"
              fill="none"
            />
          </svg>
        </div>
      </div>
    </div>
  </div>
  <div
    className="MuiGrid-root Header-linkContainer-7 MuiGrid-item MuiGrid-grid-xs-12 MuiGrid-grid-sm-12 MuiGrid-grid-md-4 MuiGrid-grid-lg-4"
  >
    <a
      className="a-root-115 Link-root-181"
      href="/login"
    >
      <span
        aria-hidden={true}
        className="fa fa-sign-in"
      />
      Login
    </a>
    <a
      className="a-root-115"
      href="/cite"
    >
      <span
        aria-hidden={true}
        className="fa fa-plus"
      />
      Cite Us
    </a>
    <a
      className="a-root-115"
      href="/downloads"
    >
      <span
        aria-hidden={true}
        className="fa fa-download"
      />
      Downloads
    </a>
    <a
      className="a-root-115"
      href="/info"
    >
      <span
        aria-hidden={true}
        className="fa fa-info-circle"
      />
      About dictyBase
    </a>
  </div>
</div>
`;
